Celery is not installed; asynchronous task runner disabled. (No module named 'celery')
Creating test database for alias 'default'...

Found 15 test(s).
Destroying test database for alias 'default'...

SystemCheckError: System check identified some issues:

ERRORS:
blog.Post.featured_image: (fields.E210) Cannot use ImageField because Pillow is not installed.
	HINT: Get Pillow at https://pypi.org/project/Pillow/ or run command "python -m pip install Pillow".
main.AITool.image: (fields.E210) Cannot use ImageField because Pillow is not installed.
	HINT: Get Pillow at https://pypi.org/project/Pillow/ or run command "python -m pip install Pillow".
main.BlogPost.featured_image: (fields.E210) Cannot use ImageField because Pillow is not installed.
	HINT: Get Pillow at https://pypi.org/project/Pillow/ or run command "python -m pip install Pillow".
main.CybersecurityResource.image: (fields.E210) Cannot use ImageField because Pillow is not installed.
	HINT: Get Pillow at https://pypi.org/project/Pillow/ or run command "python -m pip install Pillow".
main.UsefulResource.image: (fields.E210) Cannot use ImageField because Pillow is not installed.
	HINT: Get Pillow at https://pypi.org/project/Pillow/ or run command "python -m pip install Pillow".
tools.Tool.image: (fields.E210) Cannot use ImageField because Pillow is not installed.
	HINT: Get Pillow at https://pypi.org/project/Pillow/ or run command "python -m pip install Pillow".

System check identified 6 issues (0 silenced).
